Archive member included to satisfy reference by file (symbol)

C:/ST/STM32CubeIDE_1.16.1/STM32CubeIDE/plugins/com.st.stm32cube.ide.mcu.externaltools.gnu-tools-for-stm32.12.3.rel1.win32_1.0.200.202406191623/tools/bin/../lib/gcc/arm-none-eabi/12.3.1/../../../../arm-none-eabi/lib/thumb/v8-m.main+fp/hard\libc_nano.a(libc_a-exit.o)
                              C:/ST/STM32CubeIDE_1.16.1/STM32CubeIDE/plugins/com.st.stm32cube.ide.mcu.externaltools.gnu-tools-for-stm32.12.3.rel1.win32_1.0.200.202406191623/tools/bin/../lib/gcc/arm-none-eabi/12.3.1/../../../../arm-none-eabi/lib/thumb/v8-m.main+fp/hard/crt0.o (exit)
C:/ST/STM32CubeIDE_1.16.1/STM32CubeIDE/plugins/com.st.stm32cube.ide.mcu.externaltools.gnu-tools-for-stm32.12.3.rel1.win32_1.0.200.202406191623/tools/bin/../lib/gcc/arm-none-eabi/12.3.1/../../../../arm-none-eabi/lib/thumb/v8-m.main+fp/hard\libc_nano.a(libc_a-findfp.o)
                              C:/ST/STM32CubeIDE_1.16.1/STM32CubeIDE/plugins/com.st.stm32cube.ide.mcu.externaltools.gnu-tools-for-stm32.12.3.rel1.win32_1.0.200.202406191623/tools/bin/../lib/gcc/arm-none-eabi/12.3.1/../../../../arm-none-eabi/lib/thumb/v8-m.main+fp/hard\libc_nano.a(libc_a-exit.o) (__stdio_exit_handler)
C:/ST/STM32CubeIDE_1.16.1/STM32CubeIDE/plugins/com.st.stm32cube.ide.mcu.externaltools.gnu-tools-for-stm32.12.3.rel1.win32_1.0.200.202406191623/tools/bin/../lib/gcc/arm-none-eabi/12.3.1/../../../../arm-none-eabi/lib/thumb/v8-m.main+fp/hard\libc_nano.a(libc_a-fwalk.o)
                              C:/ST/STM32CubeIDE_1.16.1/STM32CubeIDE/plugins/com.st.stm32cube.ide.mcu.externaltools.gnu-tools-for-stm32.12.3.rel1.win32_1.0.200.202406191623/tools/bin/../lib/gcc/arm-none-eabi/12.3.1/../../../../arm-none-eabi/lib/thumb/v8-m.main+fp/hard\libc_nano.a(libc_a-findfp.o) (_fwalk_sglue)
C:/ST/STM32CubeIDE_1.16.1/STM32CubeIDE/plugins/com.st.stm32cube.ide.mcu.externaltools.gnu-tools-for-stm32.12.3.rel1.win32_1.0.200.202406191623/tools/bin/../lib/gcc/arm-none-eabi/12.3.1/../../../../arm-none-eabi/lib/thumb/v8-m.main+fp/hard\libc_nano.a(libc_a-stdio.o)
                              C:/ST/STM32CubeIDE_1.16.1/STM32CubeIDE/plugins/com.st.stm32cube.ide.mcu.externaltools.gnu-tools-for-stm32.12.3.rel1.win32_1.0.200.202406191623/tools/bin/../lib/gcc/arm-none-eabi/12.3.1/../../../../arm-none-eabi/lib/thumb/v8-m.main+fp/hard\libc_nano.a(libc_a-findfp.o) (__sread)
C:/ST/STM32CubeIDE_1.16.1/STM32CubeIDE/plugins/com.st.stm32cube.ide.mcu.externaltools.gnu-tools-for-stm32.12.3.rel1.win32_1.0.200.202406191623/tools/bin/../lib/gcc/arm-none-eabi/12.3.1/../../../../arm-none-eabi/lib/thumb/v8-m.main+fp/hard\libc_nano.a(libc_a-memset.o)
                              C:/ST/STM32CubeIDE_1.16.1/STM32CubeIDE/plugins/com.st.stm32cube.ide.mcu.externaltools.gnu-tools-for-stm32.12.3.rel1.win32_1.0.200.202406191623/tools/bin/../lib/gcc/arm-none-eabi/12.3.1/../../../../arm-none-eabi/lib/thumb/v8-m.main+fp/hard/crt0.o (memset)
C:/ST/STM32CubeIDE_1.16.1/STM32CubeIDE/plugins/com.st.stm32cube.ide.mcu.externaltools.gnu-tools-for-stm32.12.3.rel1.win32_1.0.200.202406191623/tools/bin/../lib/gcc/arm-none-eabi/12.3.1/../../../../arm-none-eabi/lib/thumb/v8-m.main+fp/hard\libc_nano.a(libc_a-closer.o)
                              C:/ST/STM32CubeIDE_1.16.1/STM32CubeIDE/plugins/com.st.stm32cube.ide.mcu.externaltools.gnu-tools-for-stm32.12.3.rel1.win32_1.0.200.202406191623/tools/bin/../lib/gcc/arm-none-eabi/12.3.1/../../../../arm-none-eabi/lib/thumb/v8-m.main+fp/hard\libc_nano.a(libc_a-stdio.o) (_close_r)
C:/ST/STM32CubeIDE_1.16.1/STM32CubeIDE/plugins/com.st.stm32cube.ide.mcu.externaltools.gnu-tools-for-stm32.12.3.rel1.win32_1.0.200.202406191623/tools/bin/../lib/gcc/arm-none-eabi/12.3.1/../../../../arm-none-eabi/lib/thumb/v8-m.main+fp/hard\libc_nano.a(libc_a-reent.o)
                              C:/ST/STM32CubeIDE_1.16.1/STM32CubeIDE/plugins/com.st.stm32cube.ide.mcu.externaltools.gnu-tools-for-stm32.12.3.rel1.win32_1.0.200.202406191623/tools/bin/../lib/gcc/arm-none-eabi/12.3.1/../../../../arm-none-eabi/lib/thumb/v8-m.main+fp/hard\libc_nano.a(libc_a-closer.o) (errno)
C:/ST/STM32CubeIDE_1.16.1/STM32CubeIDE/plugins/com.st.stm32cube.ide.mcu.externaltools.gnu-tools-for-stm32.12.3.rel1.win32_1.0.200.202406191623/tools/bin/../lib/gcc/arm-none-eabi/12.3.1/../../../../arm-none-eabi/lib/thumb/v8-m.main+fp/hard\libc_nano.a(libc_a-impure.o)
                              C:/ST/STM32CubeIDE_1.16.1/STM32CubeIDE/plugins/com.st.stm32cube.ide.mcu.externaltools.gnu-tools-for-stm32.12.3.rel1.win32_1.0.200.202406191623/tools/bin/../lib/gcc/arm-none-eabi/12.3.1/../../../../arm-none-eabi/lib/thumb/v8-m.main+fp/hard\libc_nano.a(libc_a-reent.o) (_impure_ptr)
C:/ST/STM32CubeIDE_1.16.1/STM32CubeIDE/plugins/com.st.stm32cube.ide.mcu.externaltools.gnu-tools-for-stm32.12.3.rel1.win32_1.0.200.202406191623/tools/bin/../lib/gcc/arm-none-eabi/12.3.1/../../../../arm-none-eabi/lib/thumb/v8-m.main+fp/hard\libc_nano.a(libc_a-lseekr.o)
[...]
Memory Configuration

Name             Origin             Length             Attributes
RAM              0x20003004         0x0000fffc         xrw
*default*        0x00000000         0xffffffff

Linker script and memory map

LOAD C:/ST/STM32CubeIDE_1.16.1/STM32CubeIDE/plugins/com.st.stm32cube.ide.mcu.externaltools.gnu-tools-for-stm32.12.3.rel1.win32_1.0.200.202406191623/tools/bin/../lib/gcc/arm-none-eabi/12.3.1/thumb/v8-m.main+fp/hard/crti.o
LOAD C:/ST/STM32CubeIDE_1.16.1/STM32CubeIDE/plugins/com.st.stm32cube.ide.mcu.externaltools.gnu-tools-for-stm32.12.3.rel1.win32_1.0.200.202406191623/tools/bin/../lib/gcc/arm-none-eabi/12.3.1/thumb/v8-m.main+fp/hard/crtbegin.o
LOAD C:/ST/STM32CubeIDE_1.16.1/STM32CubeIDE/plugins/com.st.stm32cube.ide.mcu.externaltools.gnu-tools-for-stm32.12.3.rel1.win32_1.0.200.202406191623/tools/bin/../lib/gcc/arm-none-eabi/12.3.1/../../../../arm-none-eabi/lib/thumb/v8-m.main+fp/hard/crt0.o
LOAD ./Core/Src/Dev_Inf.o
LOAD ./Core/Src/Loader_Src.o
LOAD ./Core/Src/stm32h5xx_hal_msp.o
LOAD ./Core/Src/stm32h5xx_it.o
LOAD ./Core/Src/syscalls.o
LOAD ./Core/Src/sysmem.o
LOAD ./Core/Src/system_stm32h5xx.o
LOAD ./Core/Startup/startup_stm32h573iikxq.o
LOAD ./Drivers/STM32H5xx_HAL_Driver/Src/stm32h5xx_hal.o
LOAD ./Drivers/STM32H5xx_HAL_Driver/Src/stm32h5xx_hal_cortex.o
LOAD ./Drivers/STM32H5xx_HAL_Driver/Src/stm32h5xx_hal_dma.o
LOAD ./Drivers/STM32H5xx_HAL_Driver/Src/stm32h5xx_hal_dma_ex.o
LOAD ./Drivers/STM32H5xx_HAL_Driver/Src/stm32h5xx_hal_exti.o
LOAD ./Drivers/STM32H5xx_HAL_Driver/Src/stm32h5xx_hal_flash.o
LOAD ./Drivers/STM32H5xx_HAL_Driver/Src/stm32h5xx_hal_flash_ex.o
LOAD ./Drivers/STM32H5xx_HAL_Driver/Src/stm32h5xx_hal_gpio.o
LOAD ./Drivers/STM32H5xx_HAL_Driver/Src/stm32h5xx_hal_pwr.o
LOAD ./Drivers/STM32H5xx_HAL_Driver/Src/stm32h5xx_hal_pwr_ex.o
LOAD ./Drivers/STM32H5xx_HAL_Driver/Src/stm32h5xx_hal_rcc.o
LOAD ./Drivers/STM32H5xx_HAL_Driver/Src/stm32h5xx_hal_rcc_ex.o
LOAD ./Drivers/STM32H5xx_HAL_Driver/Src/stm32h5xx_hal_tim.o
LOAD ./Drivers/STM32H5xx_HAL_Driver/Src/stm32h5xx_hal_tim_ex.o
START GROUP
LOAD C:/ST/STM32CubeIDE_1.16.1/STM32CubeIDE/plugins/com.st.stm32cube.ide.mcu.externaltools.gnu-tools-for-stm32.12.3.rel1.win32_1.0.200.202406191623/tools/bin/../lib/gcc/arm-none-eabi/12.3.1/../../../../arm-none-eabi/lib/thumb/v8-m.main+fp/hard\libc_nano.a
LOAD C:/ST/STM32CubeIDE_1.16.1/STM32CubeIDE/plugins/com.st.stm32cube.ide.mcu.externaltools.gnu-tools-for-stm32.12.3.rel1.win32_1.0.200.202406191623/tools/bin/../lib/gcc/arm-none-eabi/12.3.1/../../../../arm-none-eabi/lib/thumb/v8-m.main+fp/hard\libm.a
END GROUP
START GROUP
LOAD C:/ST/STM32CubeIDE_1.16.1/STM32CubeIDE/plugins/com.st.stm32cube.ide.mcu.externaltools.gnu-tools-for-stm32.12.3.rel1.win32_1.0.200.202406191623/tools/bin/../lib/gcc/arm-none-eabi/12.3.1/thumb/v8-m.main+fp/hard\libgcc.a
LOAD C:/ST/STM32CubeIDE_1.16.1/STM32CubeIDE/plugins/com.st.stm32cube.ide.mcu.externaltools.gnu-tools-for-stm32.12.3.rel1.win32_1.0.200.202406191623/tools/bin/../lib/gcc/arm-none-eabi/12.3.1/../../../../arm-none-eabi/lib/thumb/v8-m.main+fp/hard\libc_nano.a
END GROUP
START GROUP
LOAD C:/ST/STM32CubeIDE_1.16.1/STM32CubeIDE/plugins/com.st.stm32cube.ide.mcu.externaltools.gnu-tools-for-stm32.12.3.rel1.win32_1.0.200.202406191623/tools/bin/../lib/gcc/arm-none-eabi/12.3.1/thumb/v8-m.main+fp/hard\libgcc.a
LOAD C:/ST/STM32CubeIDE_1.16.1/STM32CubeIDE/plugins/com.st.stm32cube.ide.mcu.externaltools.gnu-tools-for-stm32.12.3.rel1.win32_1.0.200.202406191623/tools/bin/../lib/gcc/arm-none-eabi/12.3.1/../../../../arm-none-eabi/lib/thumb/v8-m.main+fp/hard\libc_nano.a
LOAD C:/ST/STM32CubeIDE_1.16.1/STM32CubeIDE/plugins/com.st.stm32cube.ide.mcu.externaltools.gnu-tools-for-stm32.12.3.rel1.win32_1.0.200.202406191623/tools/bin/../lib/gcc/arm-none-eabi/12.3.1/../../../../arm-none-eabi/lib/thumb/v8-m.main+fp/hard\libnosys.a
END GROUP
START GROUP
LOAD C:/ST/STM32CubeIDE_1.16.1/STM32CubeIDE/plugins/com.st.stm32cube.ide.mcu.externaltools.gnu-tools-for-stm32.12.3.rel1.win32_1.0.200.202406191623/tools/bin/../lib/gcc/arm-none-eabi/12.3.1/thumb/v8-m.main+fp/hard\libgcc.a
LOAD C:/ST/STM32CubeIDE_1.16.1/STM32CubeIDE/plugins/com.st.stm32cube.ide.mcu.externaltools.gnu-tools-for-stm32.12.3.rel1.win32_1.0.200.202406191623/tools/bin/../lib/gcc/arm-none-eabi/12.3.1/../../../../arm-none-eabi/lib/thumb/v8-m.main+fp/hard\libc_nano.a
LOAD C:/ST/STM32CubeIDE_1.16.1/STM32CubeIDE/plugins/com.st.stm32cube.ide.mcu.externaltools.gnu-tools-for-stm32.12.3.rel1.win32_1.0.200.202406191623/tools/bin/../lib/gcc/arm-none-eabi/12.3.1/../../../../arm-none-eabi/lib/thumb/v8-m.main+fp/hard\libnosys.a
END GROUP
LOAD C:/ST/STM32CubeIDE_1.16.1/STM32CubeIDE/plugins/com.st.stm32cube.ide.mcu.externaltools.gnu-tools-for-stm32.12.3.rel1.win32_1.0.200.202406191623/tools/bin/../lib/gcc/arm-none-eabi/12.3.1/thumb/v8-m.main+fp/hard/crtend.o
LOAD C:/ST/STM32CubeIDE_1.16.1/STM32CubeIDE/plugins/com.st.stm32cube.ide.mcu.externaltools.gnu-tools-for-stm32.12.3.rel1.win32_1.0.200.202406191623/tools/bin/../lib/gcc/arm-none-eabi/12.3.1/thumb/v8-m.main+fp/hard/crtn.o
                0x20013000                        _estack = (ORIGIN (RAM) + LENGTH (RAM))
                0x00000200                        _Min_Heap_Size = 0x200
                0x00000400                        _Min_Stack_Size = 0x400

.isr_vector     0x20003004      0x488
                0x20003240                        . = (. + 0x23c)
 *fill*         0x20003004      0x23c 
                0x20003240                        . = ALIGN (0x4)
 *(.isr_vector)
 .isr_vector    0x20003240      0x24c ./Core/Startup/startup_stm32h573iikxq.o
                0x20003240                g_pfnVectors
                0x2000348c                        . = ALIGN (0x4)

.ARM.extab
 *(.ARM.extab* .gnu.linkonce.armextab.*)

.ARM            0x2000348c        0x0
                0x2000348c                        __exidx_start = .
 *(.ARM.exidx*)
                0x2000348c                        __exidx_end = .

.preinit_array  0x2000348c        0x0
                0x2000348c                        PROVIDE (__preinit_array_start = .)
 *(.preinit_array*)
                0x2000348c                        PROVIDE (__preinit_array_end = .)

.init_array     0x2000348c        0x4
                0x2000348c                        PROVIDE (__init_array_start = .)
 *(SORT_BY_NAME(.init_array.*))
 *(.init_array*)
 .init_array    0x2000348c        0x4 C:/ST/STM32CubeIDE_1.16.1/STM32CubeIDE/plugins/com.st.stm32cube.ide.mcu.externaltools.gnu-tools-for-stm32.12.3.rel1.win32_1.0.200.202406191623/tools/bin/../lib/gcc/arm-none-eabi/12.3.1/thumb/v8-m.main+fp/hard/crtbegin.o
                0x20003490                        PROVIDE (__init_array_end = .)

.fini_array     0x20003490        0x4
                [!provide]                        PROVIDE (__fini_array_start = .)
 *(SORT_BY_NAME(.fini_array.*))
 *(.fini_array*)
 .fini_array    0x20003490        0x4 C:/ST/STM32CubeIDE_1.16.1/STM32CubeIDE/plugins/com.st.stm32cube.ide.mcu.externaltools.gnu-tools-for-stm32.12.3.rel1.win32_1.0.200.202406191623/tools/bin/../lib/gcc/arm-none-eabi/12.3.1/thumb/v8-m.main+fp/hard/crtbegin.o
                [!provide]                        PROVIDE (__fini_array_end = .)
                0x20003494                        _sidata = LOADADDR (.data)

.data           0x20003494        0xc
                0x20003494                        . = ALIGN (0x4)
                0x20003494                        _sdata = .
 *(.data)
 *(.data*)
 .data.SystemCoreClock
                0x20003494        0x4 ./Core/Src/system_stm32h5xx.o
                0x20003494                SystemCoreClock
 .data.uwTickPrio
                0x20003498        0x4 ./Drivers/STM32H5xx_HAL_Driver/Src/stm32h5xx_hal.o
                0x20003498                uwTickPrio
 .data.uwTickFreq
                0x2000349c        0x1 ./Drivers/STM32H5xx_HAL_Driver/Src/stm32h5xx_hal.o
                0x2000349c                uwTickFreq
                0x200034a0                        . = ALIGN (0x4)
 *fill*         0x2000349d        0x3 
                0x200034a0                        _edata = .

.igot.plt       0x200034a0        0x0
 .igot.plt      0x200034a0        0x0 C:/ST/STM32CubeIDE_1.16.1/STM32CubeIDE/plugins/com.st.stm32cube.ide.mcu.externaltools.gnu-tools-for-stm32.12.3.rel1.win32_1.0.200.202406191623/tools/bin/../lib/gcc/arm-none-eabi/12.3.1/thumb/v8-m.main+fp/hard/crtbegin.o
                0x200034a0                        . = ALIGN (0x4)

.bss            0x200034a0       0x20
                0x200034a0                        _sbss = .
                0x200034a0                        __bss_start__ = _sbss
 *(.bss)
 .bss           0x200034a0       0x1c C:/ST/STM32CubeIDE_1.16.1/STM32CubeIDE/plugins/com.st.stm32cube.ide.mcu.externaltools.gnu-tools-for-stm32.12.3.rel1.win32_1.0.200.202406191623/tools/bin/../lib/gcc/arm-none-eabi/12.3.1/thumb/v8-m.main+fp/hard/crtbegin.o
 *(.bss*)
 .bss.uwTick    0x200034bc        0x4 ./Drivers/STM32H5xx_HAL_Driver/Src/stm32h5xx_hal.o
                0x200034bc                uwTick
 *(COMMON)
                0x200034c0                        . = ALIGN (0x4)
                0x200034c0                        _ebss = .
                0x200034c0                        __bss_end__ = _ebss

.text           0x200034c0     0x16bc
                0x200034c0                        . = ALIGN (0x4)
 *(.text)
 .text          0x200034c0       0x40 C:/ST/STM32CubeIDE_1.16.1/STM32CubeIDE/plugins/com.st.stm32cube.ide.mcu.externaltools.gnu-tools-for-stm32.12.3.rel1.win32_1.0.200.202406191623/tools/bin/../lib/gcc/arm-none-eabi/12.3.1/thumb/v8-m.main+fp/hard/crtbegin.o
 *(.text*)
 .text.HAL_InitTick
                0x20003500       0x16 ./Core/Src/Loader_Src.o
                0x20003500                HAL_InitTick
 .text.HAL_GetTick
                0x20003516       0x10 ./Core/Src/Loader_Src.o
                0x20003516                HAL_GetTick
 .text.main     0x20003526        0xe ./Core/Src/Loader_Src.o
                0x20003526                main
 .text.Init     0x20003534       0x16 ./Core/Src/Loader_Src.o
                0x20003534                Init
 .text.Write    0x2000354a       0x1a ./Core/Src/Loader_Src.o
                0x2000354a                Write
 .text.MassErase
                0x20003564       0x16 ./Core/Src/Loader_Src.o
                0x20003564                MassErase
 .text.SectorErase
                0x2000357a       0x18 ./Core/Src/Loader_Src.o
                0x2000357a                SectorErase
 *fill*         0x20003592        0x6 
 .text.Verify   0x20003598       0x58 ./Core/Src/Loader_Src.o
                0x20003598                Verify
 .text.SystemClock_Config
                0x200035f0       0xac ./Core/Src/Loader_Src.o
                0x200035f0                SystemClock_Config
 .text.Read     0x2000369c       0x1a ./Core/Src/Loader_Src.o
                0x2000369c                Read
 .text.HAL_MspInit
                0x200036b6        0xe ./Core/Src/stm32h5xx_hal_msp.o
                0x200036b6                HAL_MspInit
 .text.NMI_Handler
                0x200036c4        0x8 ./Core/Src/stm32h5xx_it.o
                0x200036c4                NMI_Handler
 .text.HardFault_Handler
                0x200036cc        0x8 ./Core/Src/stm32h5xx_it.o
                0x200036cc                HardFault_Handler
 .text.MemManage_Handler
                0x200036d4        0x8 ./Core/Src/stm32h5xx_it.o
                0x200036d4                MemManage_Handler
 .text.BusFault_Handler
                0x200036dc        0x8 ./Core/Src/stm32h5xx_it.o
                0x200036dc                BusFault_Handler
 .text.UsageFault_Handler
                0x200036e4        0x8 ./Core/Src/stm32h5xx_it.o
                0x200036e4                UsageFault_Handler
 .text.SVC_Handler
                0x200036ec        0xe ./Core/Src/stm32h5xx_it.o
                0x200036ec                SVC_Handler
 .text.DebugMon_Handler
                0x200036fa        0xe ./Core/Src/stm32h5xx_it.o
                0x200036fa                DebugMon_Handler
 .text.PendSV_Handler
                0x20003708        0xe ./Core/Src/stm32h5xx_it.o
                0x20003708                PendSV_Handler
 .text.SysTick_Handler
                0x20003716        0xc ./Core/Src/stm32h5xx_it.o
                0x20003716                SysTick_Handler
 *fill*         0x20003722        0x2 
 .text.SystemInit
                0x20003724       0xf8 ./Core/Src/system_stm32h5xx.o
                0x20003724                SystemInit
 .text.Reset_Handler
                0x2000381c       0x50 ./Core/Startup/startup_stm32h573iikxq.o
                0x2000381c                Reset_Handler
 .text.Default_Handler
                0x2000386c        0x2 ./Core/Startup/startup_stm32h573iikxq.o
                0x2000386c                EXTI2_IRQHandler
                0x2000386c                TIM8_TRG_COM_IRQHandler
                0x2000386c                TIM8_CC_IRQHandler
                0x2000386c                EXTI5_IRQHandler
                0x2000386c                I3C1_ER_IRQHandler
                0x2000386c                UART8_IRQHandler
                0x2000386c                SPI4_IRQHandler
                0x2000386c                GPDMA2_Channel1_IRQHandler
                0x2000386c                FLASH_S_IRQHandler
                0x2000386c                EXTI13_IRQHandler
                0x2000386c                TIM1_CC_IRQHandler
                0x2000386c                GPDMA2_Channel3_IRQHandler
                0x2000386c                TAMP_IRQHandler
                0x2000386c                TIM6_IRQHandler
                0x2000386c                EXTI12_IRQHandler
                0x2000386c                CORDIC_IRQHandler
                0x2000386c                USB_DRD_FS_IRQHandler
                0x2000386c                EXTI3_IRQHandler
                0x2000386c                LPTIM4_IRQHandler
                0x2000386c                GPDMA1_Channel5_IRQHandler
                0x2000386c                EXTI8_IRQHandler
                0x2000386c                GPDMA2_Channel5_IRQHandler
                0x2000386c                LPTIM2_IRQHandler
                0x2000386c                I2C3_ER_IRQHandler
                0x2000386c                GPDMA2_Channel2_IRQHandler
                0x2000386c                USART10_IRQHandler
                0x2000386c                LPTIM3_IRQHandler
                0x2000386c                EXTI0_IRQHandler
                0x2000386c                I2C2_EV_IRQHandler
                0x2000386c                FPU_IRQHandler
                0x2000386c                GPDMA1_Channel3_IRQHandler
                0x2000386c                GPDMA1_Channel7_IRQHandler
                0x2000386c                FDCAN1_IT1_IRQHandler
                0x2000386c                RAMCFG_IRQHandler
                0x2000386c                DCACHE1_IRQHandler
                0x2000386c                SPI1_IRQHandler
                0x2000386c                OCTOSPI1_IRQHandler
                0x2000386c                GPDMA1_Channel2_IRQHandler
                0x2000386c                TIM8_UP_IRQHandler
                0x2000386c                RCC_S_IRQHandler
                0x2000386c                SAI2_IRQHandler
                0x2000386c                ADC1_IRQHandler
                0x2000386c                PKA_IRQHandler
                0x2000386c                USART6_IRQHandler
                0x2000386c                EXTI15_IRQHandler
                0x2000386c                TIM17_IRQHandler
                0x2000386c                USART3_IRQHandler
                0x2000386c                RTC_IRQHandler
                0x2000386c                EXTI9_IRQHandler
                0x2000386c                LPTIM5_IRQHandler
                0x2000386c                UART5_IRQHandler
                0x2000386c                TIM4_IRQHandler
                0x2000386c                I2C1_EV_IRQHandler
                0x2000386c                GPDMA1_Channel1_IRQHandler
                0x2000386c                TIM16_IRQHandler
                0x2000386c                UART4_IRQHandler
                0x2000386c                SecureFault_Handler
                0x2000386c                TIM3_IRQHandler
                0x2000386c                RCC_IRQHandler
                0x2000386c                UART9_IRQHandler
                0x2000386c                TIM1_TRG_COM_IRQHandler
                0x2000386c                Default_Handler
                0x2000386c                FMAC_IRQHandler
                0x2000386c                CEC_IRQHandler
                0x2000386c                USART11_IRQHandler
                0x2000386c                TIM14_IRQHandler
                0x2000386c                TIM13_IRQHandler
                0x2000386c                OTFDEC1_IRQHandler
                0x2000386c                GPDMA2_Channel4_IRQHandler
                0x2000386c                SPI5_IRQHandler
                0x2000386c                TIM12_IRQHandler
                0x2000386c                TIM7_IRQHandler
                0x2000386c                SDMMC1_IRQHandler
                0x2000386c                SAES_IRQHandler
                0x2000386c                TIM5_IRQHandler
                0x2000386c                UCPD1_IRQHandler
                0x2000386c                GPDMA1_Channel0_IRQHandler
                0x2000386c                I3C1_EV_IRQHandler
                0x2000386c                TIM15_IRQHandler
                0x2000386c                PVD_AVD_IRQHandler
                0x2000386c                I2C3_EV_IRQHandler
                0x2000386c                ETH_WKUP_IRQHandler
                0x2000386c                ADC2_IRQHandler
                0x2000386c                SPI2_IRQHandler
                0x2000386c                EXTI14_IRQHandler
                0x2000386c                EXTI11_IRQHandler
                0x2000386c                CRS_IRQHandler
                0x2000386c                EXTI4_IRQHandler
                0x2000386c                GPDMA2_Channel0_IRQHandler
                0x2000386c                RTC_S_IRQHandler
                0x2000386c                RNG_IRQHandler
                0x2000386c                FDCAN2_IT1_IRQHandler
                0x2000386c                ETH_IRQHandler
                0x2000386c                GPDMA2_Channel6_IRQHandler
                0x2000386c                TIM1_UP_IRQHandler
                0x2000386c                UART12_IRQHandler
                0x2000386c                WWDG_IRQHandler
                0x2000386c                SPI6_IRQHandler
                0x2000386c                I2C4_EV_IRQHandler
                0x2000386c                FDCAN2_IT0_IRQHandler
                0x2000386c                IWDG_IRQHandler
                0x2000386c                LPUART1_IRQHandler
                0x2000386c                FDCAN1_IT0_IRQHandler
                0x2000386c                TIM2_IRQHandler
                0x2000386c                GPDMA1_Channel4_IRQHandler
                0x2000386c                EXTI7_IRQHandler
                0x2000386c                TIM1_BRK_IRQHandler
                0x2000386c                EXTI1_IRQHandler
                0x2000386c                SDMMC2_IRQHandler
                0x2000386c                AES_IRQHandler
                0x2000386c                LPTIM6_IRQHandler
                0x2000386c                DAC1_IRQHandler
                0x2000386c                DTS_IRQHandler
                0x2000386c                UART7_IRQHandler
                0x2000386c                GTZC_IRQHandler
                0x2000386c                USART2_IRQHandler
                0x2000386c                GPDMA1_Channel6_IRQHandler
                0x2000386c                GPDMA2_Channel7_IRQHandler
                0x2000386c                I2C2_ER_IRQHandler
                0x2000386c                TIM8_BRK_IRQHandler
                0x2000386c                FLASH_IRQHandler
                0x2000386c                USART1_IRQHandler
                0x2000386c                EXTI10_IRQHandler
                0x2000386c                SPI3_IRQHandler
                0x2000386c                I2C1_ER_IRQHandler
                0x2000386c                FMC_IRQHandler
                0x2000386c                EXTI6_IRQHandler
                0x2000386c                LPTIM1_IRQHandler
                0x2000386c                DCMI_PSSI_IRQHandler
                0x2000386c                I2C4_ER_IRQHandler
                0x2000386c                ICACHE_IRQHandler
                0x2000386c                SAI1_IRQHandler
                0x2000386c                HASH_IRQHandler
 *fill*         0x2000386e        0x2 
 .text.HAL_Init
                0x20003870       0x50 ./Drivers/STM32H5xx_HAL_Driver/Src/stm32h5xx_hal.o
                0x20003870                HAL_Init
 .text.HAL_InitTick
                0x200038c0       0xec ./Drivers/STM32H5xx_HAL_Driver/Src/stm32h5xx_hal.o
 .text.HAL_IncTick
                0x200039ac       0x28 ./Drivers/STM32H5xx_HAL_Driver/Src/stm32h5xx_hal.o
                0x200039ac                HAL_IncTick
 .text.__NVIC_SetPriorityGrouping
                0x200039d4       0x48 ./Drivers/STM32H5xx_HAL_Driver/Src/stm32h5xx_hal_cortex.o
 .text.__NVIC_GetPriorityGrouping
                0x20003a1c       0x1c ./Drivers/STM32H5xx_HAL_Driver/Src/stm32h5xx_hal_cortex.o
 .text.__NVIC_SetPriority
                0x20003a38       0x54 ./Drivers/STM32H5xx_HAL_Driver/Src/stm32h5xx_hal_cortex.o
 .text.NVIC_EncodePriority
                0x20003a8c       0x66 ./Drivers/STM32H5xx_HAL_Driver/Src/stm32h5xx_hal_cortex.o
 .text.HAL_NVIC_SetPriorityGrouping
                0x20003af2       0x16 ./Drivers/STM32H5xx_HAL_Driver/Src/stm32h5xx_hal_cortex.o
                0x20003af2                HAL_NVIC_SetPriorityGrouping
 .text.HAL_NVIC_SetPriority
                0x20003b08       0x34 ./Drivers/STM32H5xx_HAL_Driver/Src/stm32h5xx_hal_cortex.o
                0x20003b08                HAL_NVIC_SetPriority
 .text.HAL_SYSTICK_Config
                0x20003b3c       0x44 ./Drivers/STM32H5xx_HAL_Driver/Src/stm32h5xx_hal_cortex.o
                0x20003b3c                HAL_SYSTICK_Config
 .text.HAL_SYSTICK_CLKSourceConfig
                0x20003b80       0xb0 ./Drivers/STM32H5xx_HAL_Driver/Src/stm32h5xx_hal_cortex.o
                0x20003b80                HAL_SYSTICK_CLKSourceConfig
 .text.HAL_SYSTICK_GetCLKSourceConfig
                0x20003c30       0x6c ./Drivers/STM32H5xx_HAL_Driver/Src/stm32h5xx_hal_cortex.o
                0x20003c30                HAL_SYSTICK_GetCLKSourceConfig
 .text.HAL_RCC_OscConfig
                0x20003c9c      0x870 ./Drivers/STM32H5xx_HAL_Driver/Src/stm32h5xx_hal_rcc.o
                0x20003c9c                HAL_RCC_OscConfig
 .text.HAL_RCC_ClockConfig
                0x2000450c      0x370 ./Drivers/STM32H5xx_HAL_Driver/Src/stm32h5xx_hal_rcc.o
                0x2000450c                HAL_RCC_ClockConfig
 .text.HAL_RCC_GetSysClockFreq
                0x2000487c      0x258 ./Drivers/STM32H5xx_HAL_Driver/Src/stm32h5xx_hal_rcc.o
                0x2000487c                HAL_RCC_GetSysClockFreq
 .text.HAL_RCC_GetHCLKFreq
                0x20004ad4       0x38 ./Drivers/STM32H5xx_HAL_Driver/Src/stm32h5xx_hal_rcc.o
                0x20004ad4                HAL_RCC_GetHCLKFreq
 .text.memset   0x20004b0c       0x10 C:/ST/STM32CubeIDE_1.16.1/STM32CubeIDE/plugins/com.st.stm32cube.ide.mcu.externaltools.gnu-tools-for-stm32.12.3.rel1.win32_1.0.200.202406191623/tools/bin/../lib/gcc/arm-none-eabi/12.3.1/../../../../arm-none-eabi/lib/thumb/v8-m.main+fp/hard\libc_nano.a(libc_a-memset.o)
                0x20004b0c                memset
 .text.__libc_init_array
                0x20004b1c       0x48 C:/ST/STM32CubeIDE_1.16.1/STM32CubeIDE/plugins/com.st.stm32cube.ide.mcu.externaltools.gnu-tools-for-stm32.12.3.rel1.win32_1.0.200.202406191623/tools/bin/../lib/gcc/arm-none-eabi/12.3.1/../../../../arm-none-eabi/lib/thumb/v8-m.main+fp/hard\libc_nano.a(libc_a-init.o)
                0x20004b1c                __libc_init_array
 *(.glue_7)
 .glue_7        0x20004b64        0x0 linker stubs
 *(.glue_7t)
 .glue_7t       0x20004b64        0x0 linker stubs
 *(.eh_frame)
 .eh_frame      0x20004b64        0x0 C:/ST/STM32CubeIDE_1.16.1/STM32CubeIDE/plugins/com.st.stm32cube.ide.mcu.externaltools.gnu-tools-for-stm32.12.3.rel1.win32_1.0.200.202406191623/tools/bin/../lib/gcc/arm-none-eabi/12.3.1/thumb/v8-m.main+fp/hard/crtbegin.o
 *(.text.Init)
 *(.text.Write)
 *(.text.SectorErase)
 *(.text.Verify)
 *(.text.HAL_InitTick)
 *(.text.MassErase)
 *(.text.Read)
 *(.init)
 .init          0x20004b64        0x4 C:/ST/STM32CubeIDE_1.16.1/STM32CubeIDE/plugins/com.st.stm32cube.ide.mcu.externaltools.gnu-tools-for-stm32.12.3.rel1.win32_1.0.200.202406191623/tools/bin/../lib/gcc/arm-none-eabi/12.3.1/thumb/v8-m.main+fp/hard/crti.o
                0x20004b64                _init
 .init          0x20004b68        0x8 C:/ST/STM32CubeIDE_1.16.1/STM32CubeIDE/plugins/com.st.stm32cube.ide.mcu.externaltools.gnu-tools-for-stm32.12.3.rel1.win32_1.0.200.202406191623/tools/bin/../lib/gcc/arm-none-eabi/12.3.1/thumb/v8-m.main+fp/hard/crtn.o
 *(.fini)
 .fini          0x20004b70        0x4 C:/ST/STM32CubeIDE_1.16.1/STM32CubeIDE/plugins/com.st.stm32cube.ide.mcu.externaltools.gnu-tools-for-stm32.12.3.rel1.win32_1.0.200.202406191623/tools/bin/../lib/gcc/arm-none-eabi/12.3.1/thumb/v8-m.main+fp/hard/crti.o
                0x20004b70                _fini
 .fini          0x20004b74        0x8 C:/ST/STM32CubeIDE_1.16.1/STM32CubeIDE/plugins/com.st.stm32cube.ide.mcu.externaltools.gnu-tools-for-stm32.12.3.rel1.win32_1.0.200.202406191623/tools/bin/../lib/gcc/arm-none-eabi/12.3.1/thumb/v8-m.main+fp/hard/crtn.o
                0x20004b7c                        . = ALIGN (0x4)
                0x20004b7c                        _etext = .

.vfp11_veneer   0x20004b7c        0x0
 .vfp11_veneer  0x20004b7c        0x0 linker stubs

.v4_bx          0x20004b7c        0x0
 .v4_bx         0x20004b7c        0x0 linker stubs

.iplt           0x20004b7c        0x0
 .iplt          0x20004b7c        0x0 C:/ST/STM32CubeIDE_1.16.1/STM32CubeIDE/plugins/com.st.stm32cube.ide.mcu.externaltools.gnu-tools-for-stm32.12.3.rel1.win32_1.0.200.202406191623/tools/bin/../lib/gcc/arm-none-eabi/12.3.1/thumb/v8-m.main+fp/hard/crtbegin.o

.Dev_info       0x20004b7c       0xc8
 *Dev_Inf.o(.rodata*)
 .rodata.StorageInfo
                0x20004b7c       0xc8 ./Core/Src/Dev_Inf.o
                0x20004b7c                StorageInfo

.rodata         0x20004c44       0x10
                0x20004c44                        . = ALIGN (0x4)
 *(.rodata)
 *(.rodata*)
 .rodata.AHBPrescTable
                0x20004c44       0x10 ./Core/Src/system_stm32h5xx.o
                0x20004c44                AHBPrescTable
                0x20004c54                        . = ALIGN (0x4)

.rel.dyn        0x20004c54        0x0
 .rel.iplt      0x20004c54        0x0 C:/ST/STM32CubeIDE_1.16.1/STM32CubeIDE/plugins/com.st.stm32cube.ide.mcu.externaltools.gnu-tools-for-stm32.12.3.rel1.win32_1.0.200.202406191623/tools/bin/../lib/gcc/arm-none-eabi/12.3.1/thumb/v8-m.main+fp/hard/crtbegin.o

._user_heap_stack
                0x20004c54      0x600
                0x20004c54                        . = ALIGN (0x4)
                [!provide]                        PROVIDE (end = .)
                0x20004c54                        PROVIDE (_end = .)
                0x20004e54                        . = (. + _Min_Heap_Size)
 *fill*         0x20004c54      0x200 
                0x20005254                        . = (. + _Min_Stack_Size)
 *fill*         0x20004e54      0x400 
                0x20005254                        . = ALIGN (0x4)

.ARM.attributes
                0x00000000       0x36
 *(.ARM.attributes)
 .ARM.attributes
                0x00000000       0x26 C:/ST/STM32CubeIDE_1.16.1/STM32CubeIDE/plugins/com.st.stm32cube.ide.mcu.externaltools.gnu-tools-for-stm32.12.3.rel1.win32_1.0.200.202406191623/tools/bin/../lib/gcc/arm-none-eabi/12.3.1/thumb/v8-m.main+fp/hard/crti.o
 .ARM.attributes
                0x00000026       0x38 C:/ST/STM32CubeIDE_1.16.1/STM32CubeIDE/plugins/com.st.stm32cube.ide.mcu.externaltools.gnu-tools-for-stm32.12.3.rel1.win32_1.0.200.202406191623/tools/bin/../lib/gcc/arm-none-eabi/12.3.1/thumb/v8-m.main+fp/hard/crtbegin.o
 .ARM.attributes
                0x0000005e       0x3a ./Core/Src/Dev_Inf.o
 .ARM.attributes
                0x00000098       0x3a ./Core/Src/Loader_Src.o
 .ARM.attributes
                0x000000d2       0x3a ./Core/Src/stm32h5xx_hal_msp.o
 .ARM.attributes
                0x0000010c       0x3a ./Core/Src/stm32h5xx_it.o
 .ARM.attributes
                0x00000146       0x3a ./Core/Src/system_stm32h5xx.o
 .ARM.attributes
                0x00000180       0x24 ./Core/Startup/startup_stm32h573iikxq.o
 .ARM.attributes
                0x000001a4       0x3a ./Drivers/STM32H5xx_HAL_Driver/Src/stm32h5xx_hal.o
 .ARM.attributes
                0x000001de       0x3a ./Drivers/STM32H5xx_HAL_Driver/Src/stm32h5xx_hal_cortex.o
 .ARM.attributes
                0x00000218       0x3a ./Drivers/STM32H5xx_HAL_Driver/Src/stm32h5xx_hal_rcc.o
 .ARM.attributes
                0x00000252       0x38 C:/ST/STM32CubeIDE_1.16.1/STM32CubeIDE/plugins/com.st.stm32cube.ide.mcu.externaltools.gnu-tools-for-stm32.12.3.rel1.win32_1.0.200.202406191623/tools/bin/../lib/gcc/arm-none-eabi/12.3.1/../../../../arm-none-eabi/lib/thumb/v8-m.main+fp/hard\libc_nano.a(libc_a-memset.o)
 .ARM.attributes
                0x0000028a       0x38 C:/ST/STM32CubeIDE_1.16.1/STM32CubeIDE/plugins/com.st.stm32cube.ide.mcu.externaltools.gnu-tools-for-stm32.12.3.rel1.win32_1.0.200.202406191623/tools/bin/../lib/gcc/arm-none-eabi/12.3.1/../../../../arm-none-eabi/lib/thumb/v8-m.main+fp/hard\libc_nano.a(libc_a-init.o)
 .ARM.attributes
                0x000002c2       0x26 C:/ST/STM32CubeIDE_1.16.1/STM32CubeIDE/plugins/com.st.stm32cube.ide.mcu.externaltools.gnu-tools-for-stm32.12.3.rel1.win32_1.0.200.202406191623/tools/bin/../lib/gcc/arm-none-eabi/12.3.1/thumb/v8-m.main+fp/hard/crtn.o
OUTPUT(h5-loader.elf elf32-littlearm)
LOAD linker stubs

.debug_info     0x00000000     0x55ee
 .debug_info    0x00000000      0x101 ./Core/Src/Dev_Inf.o
 .debug_info    0x00000101      0xaae ./Core/Src/Loader_Src.o
 .debug_info    0x00000baf       0x9f ./Core/Src/stm32h5xx_hal_msp.o
 .debug_info    0x00000c4e      0x128 ./Core/Src/stm32h5xx_it.o
 .debug_info    0x00000d76      0xd8e ./Core/Src/system_stm32h5xx.o
 .debug_info    0x00001b04       0x30 ./Core/Startup/startup_stm32h573iikxq.o
 .debug_info    0x00001b34     0x13b1 ./Drivers/STM32H5xx_HAL_Driver/Src/stm32h5xx_hal.o
 .debug_info    0x00002ee5     0x166a ./Drivers/STM32H5xx_HAL_Driver/Src/stm32h5xx_hal_cortex.o
 .debug_info    0x0000454f     0x109f ./Drivers/STM32H5xx_HAL_Driver/Src/stm32h5xx_hal_rcc.o

.debug_abbrev   0x00000000      0xd39
 .debug_abbrev  0x00000000       0x6e ./Core/Src/Dev_Inf.o
 .debug_abbrev  0x0000006e      0x265 ./Core/Src/Loader_Src.o
 .debug_abbrev  0x000002d3       0x45 ./Core/Src/stm32h5xx_hal_msp.o
 .debug_abbrev  0x00000318       0x73 ./Core/Src/stm32h5xx_it.o
 .debug_abbrev  0x0000038b      0x13a ./Core/Src/system_stm32h5xx.o
 .debug_abbrev  0x000004c5       0x24 ./Core/Startup/startup_stm32h573iikxq.o
 .debug_abbrev  0x000004e9      0x2af ./Drivers/STM32H5xx_HAL_Driver/Src/stm32h5xx_hal.o
 .debug_abbrev  0x00000798      0x311 ./Drivers/STM32H5xx_HAL_Driver/Src/stm32h5xx_hal_cortex.o
 .debug_abbrev  0x00000aa9      0x290 ./Drivers/STM32H5xx_HAL_Driver/Src/stm32h5xx_hal_rcc.o

.debug_aranges  0x00000000      0x538
 .debug_aranges
                0x00000000       0x18 ./Core/Src/Dev_Inf.o
 .debug_aranges
                0x00000018       0x70 ./Core/Src/Loader_Src.o
 .debug_aranges
                0x00000088       0x20 ./Core/Src/stm32h5xx_hal_msp.o
 .debug_aranges
                0x000000a8       0x60 ./Core/Src/stm32h5xx_it.o
 .debug_aranges
                0x00000108       0x28 ./Core/Src/system_stm32h5xx.o
 .debug_aranges
                0x00000130       0x28 ./Core/Startup/startup_stm32h573iikxq.o
 .debug_aranges
                0x00000158      0x200 ./Drivers/STM32H5xx_HAL_Driver/Src/stm32h5xx_hal.o
 .debug_aranges
                0x00000358      0x140 ./Drivers/STM32H5xx_HAL_Driver/Src/stm32h5xx_hal_cortex.o
 .debug_aranges
                0x00000498       0xa0 ./Drivers/STM32H5xx_HAL_Driver/Src/stm32h5xx_hal_rcc.o

.debug_macro    0x00000000    0x2f91e
 .debug_macro   0x00000000       0x1a ./Core/Src/Dev_Inf.o
 .debug_macro   0x0000001a      0xaba ./Core/Src/Dev_Inf.o
 .debug_macro   0x00000ad4       0x46 ./Core/Src/Dev_Inf.o
 .debug_macro   0x00000b1a      0x284 ./Core/Src/Loader_Src.o
 .debug_macro   0x00000d9e      0x1be ./Core/Src/Loader_Src.o
 .debug_macro   0x00000f5c       0x22 ./Core/Src/Loader_Src.o
 .debug_macro   0x00000f7e       0x5b ./Core/Src/Loader_Src.o
 .debug_macro   0x00000fd9       0x2a ./Core/Src/Loader_Src.o
 .debug_macro   0x00001003       0x94 ./Core/Src/Loader_Src.o
 .debug_macro   0x00001097       0x43 ./Core/Src/Loader_Src.o
 .debug_macro   0x000010da       0x34 ./Core/Src/Loader_Src.o
 .debug_macro   0x0000110e      0x189 ./Core/Src/Loader_Src.o
 .debug_macro   0x00001297       0x16 ./Core/Src/Loader_Src.o
 .debug_macro   0x000012ad       0x43 ./Core/Src/Loader_Src.o
 .debug_macro   0x000012f0       0x57 ./Core/Src/Loader_Src.o
 .debug_macro   0x00001347       0x34 ./Core/Src/Loader_Src.o
 .debug_macro   0x0000137b       0x10 ./Core/Src/Loader_Src.o
 .debug_macro   0x0000138b       0x58 ./Core/Src/Loader_Src.o
 .debug_macro   0x000013e3       0x8e ./Core/Src/Loader_Src.o
 .debug_macro   0x00001471       0x1c ./Core/Src/Loader_Src.o
 .debug_macro   0x0000148d      0x177 ./Core/Src/Loader_Src.o
 .debug_macro   0x00001604      0x369 ./Core/Src/Loader_Src.o
 .debug_macro   0x0000196d      0x19b ./Core/Src/Loader_Src.o
 .debug_macro   0x00001b08       0x28 ./Core/Src/Loader_Src.o
 .debug_macro   0x00001b30       0x49 ./Core/Src/Loader_Src.o
 .debug_macro   0x00001b79      0x103 ./Core/Src/Loader_Src.o
 .debug_macro   0x00001c7c       0x6a ./Core/Src/Loader_Src.o
 .debug_macro   0x00001ce6      0x1df ./Core/Src/Loader_Src.o
 .debug_macro   0x00001ec5       0x1c ./Core/Src/Loader_Src.o
 .debug_macro   0x00001ee1       0x29 ./Core/Src/Loader_Src.o
 .debug_macro   0x00001f0a       0xfb ./Core/Src/Loader_Src.o
 .debug_macro   0x00002005     0x1685 ./Core/Src/Loader_Src.o
 .debug_macro   0x0000368a       0x5e ./Core/Src/Loader_Src.o
 .debug_macro   0x000036e8    0x21f0c ./Core/Src/Loader_Src.o
 .debug_macro   0x000255f4       0x6d ./Core/Src/Loader_Src.o
 .debug_macro   0x00025661     0x3891 ./Core/Src/Loader_Src.o
 .debug_macro   0x00028ef2       0x63 ./Core/Src/Loader_Src.o
 .debug_macro   0x00028f55     0x1fae ./Core/Src/Loader_Src.o
 .debug_macro   0x0002af03      0xe96 ./Core/Src/Loader_Src.o
 .debug_macro   0x0002bd99      0x166 ./Core/Src/Loader_Src.o
 .debug_macro   0x0002beff      0x30b ./Core/Src/Loader_Src.o
 .debug_macro   0x0002c20a      0x94f ./Core/Src/Loader_Src.o
 .debug_macro   0x0002cb59      0x478 ./Core/Src/Loader_Src.o
 .debug_macro   0x0002cfd1       0xd6 ./Core/Src/Loader_Src.o
 .debug_macro   0x0002d0a7      0x1ce ./Core/Src/Loader_Src.o
 .debug_macro   0x0002d275      0x554 ./Core/Src/Loader_Src.o
 .debug_macro   0x0002d7c9      0x638 ./Core/Src/Loader_Src.o
 .debug_macro   0x0002de01       0x74 ./Core/Src/Loader_Src.o
 .debug_macro   0x0002de75      0x313 ./Core/Src/Loader_Src.o
 .debug_macro   0x0002e188      0x1bb ./Core/Src/Loader_Src.o
 .debug_macro   0x0002e343      0x2a7 ./Core/Src/Loader_Src.o
 .debug_macro   0x0002e5ea      0x47e ./Core/Src/Loader_Src.o
 .debug_macro   0x0002ea68       0x10 ./Core/Src/Loader_Src.o
 .debug_macro   0x0002ea78       0x16 ./Core/Src/Loader_Src.o
 .debug_macro   0x0002ea8e       0x35 ./Core/Src/Loader_Src.o
 .debug_macro   0x0002eac3       0x20 ./Core/Src/Loader_Src.o
 .debug_macro   0x0002eae3      0x24f ./Core/Src/stm32h5xx_hal_msp.o
 .debug_macro   0x0002ed32      0x259 ./Core/Src/stm32h5xx_it.o
 .debug_macro   0x0002ef8b      0x24c ./Core/Src/system_stm32h5xx.o
 .debug_macro   0x0002f1d7      0x27b ./Drivers/STM32H5xx_HAL_Driver/Src/stm32h5xx_hal.o
 .debug_macro   0x0002f452      0x245 ./Drivers/STM32H5xx_HAL_Driver/Src/stm32h5xx_hal_cortex.o
 .debug_macro   0x0002f697      0x287 ./Drivers/STM32H5xx_HAL_Driver/Src/stm32h5xx_hal_rcc.o

.debug_line     0x00000000     0x568d
 .debug_line    0x00000000       0x4f ./Core/Src/Dev_Inf.o
 .debug_line    0x0000004f      0xacb ./Core/Src/Loader_Src.o
 .debug_line    0x00000b1a      0x81d ./Core/Src/stm32h5xx_hal_msp.o
 .debug_line    0x00001337      0x8e3 ./Core/Src/stm32h5xx_it.o
 .debug_line    0x00001c1a      0x9a2 ./Core/Src/system_stm32h5xx.o
 .debug_line    0x000025bc       0x7b ./Core/Startup/startup_stm32h573iikxq.o
 .debug_line    0x00002637      0xf29 ./Drivers/STM32H5xx_HAL_Driver/Src/stm32h5xx_hal.o
 .debug_line    0x00003560      0xe91 ./Drivers/STM32H5xx_HAL_Driver/Src/stm32h5xx_hal_cortex.o
 .debug_line    0x000043f1     0x129c ./Drivers/STM32H5xx_HAL_Driver/Src/stm32h5xx_hal_rcc.o

.debug_str      0x00000000   0x12d302
 .debug_str     0x00000000     0x2f18 ./Core/Src/Dev_Inf.o
                               0x2f5d (size before relaxing)
 .debug_str     0x00002f18   0x1286b7 ./Core/Src/Loader_Src.o
                             0x12b7ec (size before relaxing)
 .debug_str     0x0012b5cf       0x36 ./Core/Src/stm32h5xx_hal_msp.o
                             0x12b088 (size before relaxing)
 .debug_str     0x0012b605       0xc9 ./Core/Src/stm32h5xx_it.o
                             0x12b125 (size before relaxing)
 .debug_str     0x0012b6ce      0x381 ./Core/Src/system_stm32h5xx.o
                             0x12b70f (size before relaxing)
 .debug_str     0x0012ba4f       0x45 ./Core/Startup/startup_stm32h573iikxq.o
                                 0x85 (size before relaxing)
 .debug_str     0x0012ba94     0x104a ./Drivers/STM32H5xx_HAL_Driver/Src/stm32h5xx_hal.o
                             0x12c57b (size before relaxing)
 .debug_str     0x0012cade      0x418 ./Drivers/STM32H5xx_HAL_Driver/Src/stm32h5xx_hal_cortex.o
                             0x12c10a (size before relaxing)
 .debug_str     0x0012cef6      0x40c ./Drivers/STM32H5xx_HAL_Driver/Src/stm32h5xx_hal_rcc.o
                             0x12bc54 (size before relaxing)

.comment        0x00000000       0x43
 .comment       0x00000000       0x43 ./Core/Src/Dev_Inf.o
                                 0x44 (size before relaxing)
 .comment       0x00000043       0x44 ./Core/Src/Loader_Src.o
 .comment       0x00000043       0x44 ./Core/Src/stm32h5xx_hal_msp.o
 .comment       0x00000043       0x44 ./Core/Src/stm32h5xx_it.o
 .comment       0x00000043       0x44 ./Core/Src/system_stm32h5xx.o
 .comment       0x00000043       0x44 ./Drivers/STM32H5xx_HAL_Driver/Src/stm32h5xx_hal.o
 .comment       0x00000043       0x44 ./Drivers/STM32H5xx_HAL_Driver/Src/stm32h5xx_hal_cortex.o
 .comment       0x00000043       0x44 ./Drivers/STM32H5xx_HAL_Driver/Src/stm32h5xx_hal_rcc.o

.debug_rnglists
                0x00000000      0x3bd
 .debug_rnglists
                0x00000000       0x51 ./Core/Src/Loader_Src.o
 .debug_rnglists
                0x00000051       0x13 ./Core/Src/stm32h5xx_hal_msp.o
 .debug_rnglists
                0x00000064       0x43 ./Core/Src/stm32h5xx_it.o
 .debug_rnglists
                0x000000a7       0x1b ./Core/Src/system_stm32h5xx.o
 .debug_rnglists
                0x000000c2       0x19 ./Core/Startup/startup_stm32h573iikxq.o
 .debug_rnglists
                0x000000db      0x17d ./Drivers/STM32H5xx_HAL_Driver/Src/stm32h5xx_hal.o
 .debug_rnglists
                0x00000258       0xec ./Drivers/STM32H5xx_HAL_Driver/Src/stm32h5xx_hal_cortex.o
 .debug_rnglists
                0x00000344       0x79 ./Drivers/STM32H5xx_HAL_Driver/Src/stm32h5xx_hal_rcc.o

.debug_frame    0x00000000     0x1374
 .debug_frame   0x00000000      0x1a4 ./Core/Src/Loader_Src.o
 .debug_frame   0x000001a4       0x30 ./Core/Src/stm32h5xx_hal_msp.o
 .debug_frame   0x000001d4      0x104 ./Core/Src/stm32h5xx_it.o
 .debug_frame   0x000002d8       0x60 ./Core/Src/system_stm32h5xx.o
 .debug_frame   0x00000338      0x828 ./Drivers/STM32H5xx_HAL_Driver/Src/stm32h5xx_hal.o
 .debug_frame   0x00000b60      0x560 ./Drivers/STM32H5xx_HAL_Driver/Src/stm32h5xx_hal_cortex.o
 .debug_frame   0x000010c0      0x268 ./Drivers/STM32H5xx_HAL_Driver/Src/stm32h5xx_hal_rcc.o
 .debug_frame   0x00001328       0x20 C:/ST/STM32CubeIDE_1.16.1/STM32CubeIDE/plugins/com.st.stm32cube.ide.mcu.externaltools.gnu-tools-for-stm32.12.3.rel1.win32_1.0.200.202406191623/tools/bin/../lib/gcc/arm-none-eabi/12.3.1/../../../../arm-none-eabi/lib/thumb/v8-m.main+fp/hard\libc_nano.a(libc_a-memset.o)
 .debug_frame   0x00001348       0x2c C:/ST/STM32CubeIDE_1.16.1/STM32CubeIDE/plugins/com.st.stm32cube.ide.mcu.externaltools.gnu-tools-for-stm32.12.3.rel1.win32_1.0.200.202406191623/tools/bin/../lib/gcc/arm-none-eabi/12.3.1/../../../../arm-none-eabi/lib/thumb/v8-m.main+fp/hard\libc_nano.a(libc_a-init.o)

.debug_line_str
                0x00000000       0x69
 .debug_line_str
                0x00000000       0x69 ./Core/Startup/startup_stm32h573iikxq.o
